// Jest Snapshot v1, https://goo.gl/fbAQLP

exports[`Activities test should render 1`] = `<Fragment />`;
