// Jest Snapshot v1, https://goo.gl/fbAQLP

exports[`Orderbooks test should render 1`] = `<Fragment />`;
